// Jest Snapshot v1, https://goo.gl/fbAQLP

exports[`App component renders App 1`] = `
<DocumentFragment>
  <h1>
    Hello World
  </h1>
  <section
    class="backgroundArea"
  >
    <div
      class="tagWrapper"
    >
      <form>
        <label>
          Greeting:
          <input
            aria-label="Greeting Input"
            type="text"
            value=""
          />
        </label>
        <label>
          Name:
          <input
            aria-label="Name Input"
            type="text"
            value=""
          />
        </label>
      </form>
    </div>
  </section>
</DocumentFragment>
`;
